c:\users\kntky\source\repos\superrobotwarslocal\superrobotwarslocal\x64\debug\vc143.pdb
c:\users\kntky\source\repos\superrobotwarslocal\superrobotwarslocal\x64\debug\vc143.idb
c:\users\kntky\source\repos\superrobotwarslocal\superrobotwarslocal\x64\debug\waitcommand.obj
c:\users\kntky\source\repos\superrobotwarslocal\superrobotwarslocal\x64\debug\unit.obj
c:\users\kntky\source\repos\superrobotwarslocal\superrobotwarslocal\x64\debug\uimanagersdl.obj
c:\users\kntky\source\repos\superrobotwarslocal\superrobotwarslocal\x64\debug\battlemap.obj
c:\users\kntky\source\repos\superrobotwarslocal\superrobotwarslocal\x64\debug\showmessagecommand.obj
c:\users\kntky\source\repos\superrobotwarslocal\superrobotwarslocal\x64\debug\sdlrenderer.obj
c:\users\kntky\source\repos\superrobotwarslocal\superrobotwarslocal\x64\debug\scriptloader.obj
c:\users\kntky\source\repos\superrobotwarslocal\superrobotwarslocal\x64\debug\parser.obj
c:\users\kntky\source\repos\superrobotwarslocal\superrobotwarslocal\x64\debug\main.obj
c:\users\kntky\source\repos\superrobotwarslocal\superrobotwarslocal\x64\debug\inputmanager.obj
c:\users\kntky\source\repos\superrobotwarslocal\superrobotwarslocal\x64\debug\executionengine.obj
c:\users\kntky\source\repos\superrobotwarslocal\superrobotwarslocal\x64\debug\commandfactory.obj
c:\users\kntky\source\repos\superrobotwarslocal\superrobotwarslocal\x64\debug\choicecommand.obj
c:\users\kntky\source\repos\superrobotwarslocal\superrobotwarslocal\x64\debug\battlestartcommand.obj
c:\users\kntky\source\repos\superrobotwarslocal\superrobotwarslocal\x64\debug\battlemanager.obj
c:\users\kntky\source\repos\superrobotwarslocal\superrobotwarslocal\x64\debug\audiomanager.obj
c:\users\kntky\source\repos\superrobotwarslocal\superrobotwarslocal\x64\debug\movecommand.obj
c:\users\kntky\source\repos\superrobotwarslocal\superrobotwarslocal\x64\debug\tilemap.obj
c:\users\kntky\source\repos\superrobotwarslocal\superrobotwarslocal\x64\debug\cursor.obj
c:\users\kntky\source\repos\superrobotwarslocal\superrobotwarslocal\x64\debug\playermovecommand.obj
c:\users\kntky\source\repos\superrobotwarslocal\superrobotwarslocal\x64\debug\camera.obj
c:\users\kntky\source\repos\superrobotwarslocal\superrobotwarslocal\x64\debug\reachablearea.obj
c:\users\kntky\source\repos\superrobotwarslocal\superrobotwarslocal\x64\debug\enemymovecommand.obj
c:\users\kntky\source\repos\superrobotwarslocal\superrobotwarslocal\x64\debug\attackcommand.obj
c:\users\kntky\source\repos\superrobotwarslocal\superrobotwarslocal\x64\debug\enemyattackcommand.obj
c:\users\kntky\source\repos\superrobotwarslocal\superrobotwarslocal\x64\debug\scenario.obj
c:\users\kntky\source\repos\superrobotwarslocal\superrobotwarslocal\x64\debug\gamemanager.obj
c:\users\kntky\source\repos\superrobotwarslocal\superrobotwarslocal\x64\debug\unitdatabase.obj
c:\users\kntky\source\repos\superrobotwarslocal\superrobotwarslocal\x64\debug\battlecalculator.obj
c:\users\kntky\source\repos\superrobotwarslocal\superrobotwarslocal\x64\debug\battleuimanager.obj
c:\users\kntky\source\repos\superrobotwarslocal\superrobotwarslocal\x64\debug\battlescene.obj
c:\users\kntky\source\repos\superrobotwarslocal\superrobotwarslocal\x64\debug\texturemanager.obj
c:\users\kntky\source\repos\superrobotwarslocal\superrobotwarslocal\x64\debug\weaponselectui.obj
c:\users\kntky\source\repos\superrobotwarslocal\superrobotwarslocal\x64\debug\superrobotwarslocal.ilk
c:\users\kntky\source\repos\superrobotwarslocal\x64\debug\superrobotwarslocal.pdb
c:\users\kntky\source\repos\superrobotwarslocal\superrobotwarslocal\x64\debug\superrob.70ebe134.tlog\cl.command.1.tlog
c:\users\kntky\source\repos\superrobotwarslocal\superrobotwarslocal\x64\debug\superrob.70ebe134.tlog\cl.items.tlog
c:\users\kntky\source\repos\superrobotwarslocal\superrobotwarslocal\x64\debug\superrob.70ebe134.tlog\cl.read.1.tlog
c:\users\kntky\source\repos\superrobotwarslocal\superrobotwarslocal\x64\debug\superrob.70ebe134.tlog\cl.write.1.tlog
c:\users\kntky\source\repos\superrobotwarslocal\superrobotwarslocal\x64\debug\superrob.70ebe134.tlog\link.53848-cvtres.read.1.tlog
c:\users\kntky\source\repos\superrobotwarslocal\superrobotwarslocal\x64\debug\superrob.70ebe134.tlog\link.53848-cvtres.write.1.tlog
c:\users\kntky\source\repos\superrobotwarslocal\superrobotwarslocal\x64\debug\superrob.70ebe134.tlog\link.53848-rc.read.1.tlog
c:\users\kntky\source\repos\superrobotwarslocal\superrobotwarslocal\x64\debug\superrob.70ebe134.tlog\link.53848-rc.write.1.tlog
c:\users\kntky\source\repos\superrobotwarslocal\superrobotwarslocal\x64\debug\superrob.70ebe134.tlog\link.53848.read.1.tlog
c:\users\kntky\source\repos\superrobotwarslocal\superrobotwarslocal\x64\debug\superrob.70ebe134.tlog\link.53848.read.2.tlog
c:\users\kntky\source\repos\superrobotwarslocal\superrobotwarslocal\x64\debug\superrob.70ebe134.tlog\link.53848.read.3.tlog
c:\users\kntky\source\repos\superrobotwarslocal\superrobotwarslocal\x64\debug\superrob.70ebe134.tlog\link.53848.read.4.tlog
c:\users\kntky\source\repos\superrobotwarslocal\superrobotwarslocal\x64\debug\superrob.70ebe134.tlog\link.53848.write.1.tlog
c:\users\kntky\source\repos\superrobotwarslocal\superrobotwarslocal\x64\debug\superrob.70ebe134.tlog\link.command.1.tlog
c:\users\kntky\source\repos\superrobotwarslocal\superrobotwarslocal\x64\debug\superrob.70ebe134.tlog\link.read.1.tlog
c:\users\kntky\source\repos\superrobotwarslocal\superrobotwarslocal\x64\debug\superrob.70ebe134.tlog\link.secondary.1.tlog
c:\users\kntky\source\repos\superrobotwarslocal\superrobotwarslocal\x64\debug\superrob.70ebe134.tlog\link.write.1.tlog
