  AttackCommand.cpp
C:\Users\kntky\source\repos\SuperRobotWarsLocal\SuperRobotWarsLocal\AttackCommand.cpp(23,60): error C2039: 'getMoveRange': 'Cursor' のメンバーではありません
      C:\Users\kntky\source\repos\SuperRobotWarsLocal\SuperRobotWarsLocal\Cursor.h(4,7):
      'Cursor' の宣言を確認してください
  
C:\Users\kntky\source\repos\SuperRobotWarsLocal\SuperRobotWarsLocal\AttackCommand.cpp(23,22): error C2660: 'computeReachable': 関数に 3 個の引数を指定できません。
      C:\Users\kntky\source\repos\SuperRobotWarsLocal\SuperRobotWarsLocal\ReachableArea.h(10,1):
      'computeReachable' の宣言を確認してください
      C:\Users\kntky\source\repos\SuperRobotWarsLocal\SuperRobotWarsLocal\AttackCommand.cpp(23,22):
      引数リスト '(TileMap *, int, int)' を一致させようとしているとき
  
C:\Users\kntky\source\repos\SuperRobotWarsLocal\SuperRobotWarsLocal\AttackCommand.cpp(38,13): error C2039: 'attack': 'BattleManager' のメンバーではありません
      C:\Users\kntky\source\repos\SuperRobotWarsLocal\SuperRobotWarsLocal\BattleManager.h(8,7):
      'BattleManager' の宣言を確認してください
  
  BattleStartCommand.cpp
C:\Users\kntky\source\repos\SuperRobotWarsLocal\SuperRobotWarsLocal\BattleStartCommand.cpp(37,16): error C2248: 'ExecutionEngine::tileMap': private メンバー (クラス 'ExecutionEngine' で宣言されている) にアクセスできません。
      C:\Users\kntky\source\repos\SuperRobotWarsLocal\SuperRobotWarsLocal\ExecutionEngine.h(47,14):
      'ExecutionEngine::tileMap' の宣言を確認してください
      C:\Users\kntky\source\repos\SuperRobotWarsLocal\SuperRobotWarsLocal\ExecutionEngine.h(23,7):
      'ExecutionEngine' の宣言を確認してください
  
C:\Users\kntky\source\repos\SuperRobotWarsLocal\SuperRobotWarsLocal\BattleStartCommand.cpp(46,12): error C2039: 'waitKey': 'ExecutionEngine' のメンバーではありません
      C:\Users\kntky\source\repos\SuperRobotWarsLocal\SuperRobotWarsLocal\ExecutionEngine.h(23,7):
      'ExecutionEngine' の宣言を確認してください
  
  ChoiceCommand.cpp
C:\Users\kntky\source\repos\SuperRobotWarsLocal\SuperRobotWarsLocal\ChoiceCommand.cpp(14,16): error C2248: 'ExecutionEngine::ui': private メンバー (クラス 'ExecutionEngine' で宣言されている) にアクセスできません。
      C:\Users\kntky\source\repos\SuperRobotWarsLocal\SuperRobotWarsLocal\ExecutionEngine.h(45,16):
      'ExecutionEngine::ui' の宣言を確認してください
      C:\Users\kntky\source\repos\SuperRobotWarsLocal\SuperRobotWarsLocal\ExecutionEngine.h(23,7):
      'ExecutionEngine' の宣言を確認してください
  
C:\Users\kntky\source\repos\SuperRobotWarsLocal\SuperRobotWarsLocal\ChoiceCommand.cpp(14,30): error C2248: 'ExecutionEngine::input': private メンバー (クラス 'ExecutionEngine' で宣言されている) にアクセスできません。
      C:\Users\kntky\source\repos\SuperRobotWarsLocal\SuperRobotWarsLocal\ExecutionEngine.h(46,19):
      'ExecutionEngine::input' の宣言を確認してください
      C:\Users\kntky\source\repos\SuperRobotWarsLocal\SuperRobotWarsLocal\ExecutionEngine.h(23,7):
      'ExecutionEngine' の宣言を確認してください
  
C:\Users\kntky\source\repos\SuperRobotWarsLocal\SuperRobotWarsLocal\ChoiceCommand.cpp(20,11): error C2248: 'ExecutionEngine::ui': private メンバー (クラス 'ExecutionEngine' で宣言されている) にアクセスできません。
      C:\Users\kntky\source\repos\SuperRobotWarsLocal\SuperRobotWarsLocal\ExecutionEngine.h(45,16):
      'ExecutionEngine::ui' の宣言を確認してください
      C:\Users\kntky\source\repos\SuperRobotWarsLocal\SuperRobotWarsLocal\ExecutionEngine.h(23,7):
      'ExecutionEngine' の宣言を確認してください
  
C:\Users\kntky\source\repos\SuperRobotWarsLocal\SuperRobotWarsLocal\ChoiceCommand.cpp(21,11): error C2248: 'ExecutionEngine::input': private メンバー (クラス 'ExecutionEngine' で宣言されている) にアクセスできません。
      C:\Users\kntky\source\repos\SuperRobotWarsLocal\SuperRobotWarsLocal\ExecutionEngine.h(46,19):
      'ExecutionEngine::input' の宣言を確認してください
      C:\Users\kntky\source\repos\SuperRobotWarsLocal\SuperRobotWarsLocal\ExecutionEngine.h(23,7):
      'ExecutionEngine' の宣言を確認してください
  
C:\Users\kntky\source\repos\SuperRobotWarsLocal\SuperRobotWarsLocal\ChoiceCommand.cpp(24,11): error C2248: 'ExecutionEngine::ui': private メンバー (クラス 'ExecutionEngine' で宣言されている) にアクセスできません。
      C:\Users\kntky\source\repos\SuperRobotWarsLocal\SuperRobotWarsLocal\ExecutionEngine.h(45,16):
      'ExecutionEngine::ui' の宣言を確認してください
      C:\Users\kntky\source\repos\SuperRobotWarsLocal\SuperRobotWarsLocal\ExecutionEngine.h(23,7):
      'ExecutionEngine' の宣言を確認してください
  
C:\Users\kntky\source\repos\SuperRobotWarsLocal\SuperRobotWarsLocal\ChoiceCommand.cpp(25,24): error C2248: 'ExecutionEngine::input': private メンバー (クラス 'ExecutionEngine' で宣言されている) にアクセスできません。
      C:\Users\kntky\source\repos\SuperRobotWarsLocal\SuperRobotWarsLocal\ExecutionEngine.h(46,19):
      'ExecutionEngine::input' の宣言を確認してください
      C:\Users\kntky\source\repos\SuperRobotWarsLocal\SuperRobotWarsLocal\ExecutionEngine.h(23,7):
      'ExecutionEngine' の宣言を確認してください
  
C:\Users\kntky\source\repos\SuperRobotWarsLocal\SuperRobotWarsLocal\ChoiceCommand.cpp(31,11): error C2248: 'ExecutionEngine::ui': private メンバー (クラス 'ExecutionEngine' で宣言されている) にアクセスできません。
      C:\Users\kntky\source\repos\SuperRobotWarsLocal\SuperRobotWarsLocal\ExecutionEngine.h(45,16):
      'ExecutionEngine::ui' の宣言を確認してください
      C:\Users\kntky\source\repos\SuperRobotWarsLocal\SuperRobotWarsLocal\ExecutionEngine.h(23,7):
      'ExecutionEngine' の宣言を確認してください
  
C:\Users\kntky\source\repos\SuperRobotWarsLocal\SuperRobotWarsLocal\ChoiceCommand.cpp(32,11): error C2248: 'ExecutionEngine::input': private メンバー (クラス 'ExecutionEngine' で宣言されている) にアクセスできません。
      C:\Users\kntky\source\repos\SuperRobotWarsLocal\SuperRobotWarsLocal\ExecutionEngine.h(46,19):
      'ExecutionEngine::input' の宣言を確認してください
      C:\Users\kntky\source\repos\SuperRobotWarsLocal\SuperRobotWarsLocal\ExecutionEngine.h(23,7):
      'ExecutionEngine' の宣言を確認してください
  
  EnemyAttackCommand.cpp
C:\Users\kntky\source\repos\SuperRobotWarsLocal\SuperRobotWarsLocal\EnemyAttackCommand.cpp(18,23): error C2248: 'ExecutionEngine::tileMap': private メンバー (クラス 'ExecutionEngine' で宣言されている) にアクセスできません。
      C:\Users\kntky\source\repos\SuperRobotWarsLocal\SuperRobotWarsLocal\ExecutionEngine.h(47,14):
      'ExecutionEngine::tileMap' の宣言を確認してください
      C:\Users\kntky\source\repos\SuperRobotWarsLocal\SuperRobotWarsLocal\ExecutionEngine.h(23,7):
      'ExecutionEngine' の宣言を確認してください
  
  EnemyMoveCommand.cpp
C:\Users\kntky\source\repos\SuperRobotWarsLocal\SuperRobotWarsLocal\EnemyMoveCommand.cpp(15,23): error C2248: 'ExecutionEngine::tileMap': private メンバー (クラス 'ExecutionEngine' で宣言されている) にアクセスできません。
      C:\Users\kntky\source\repos\SuperRobotWarsLocal\SuperRobotWarsLocal\ExecutionEngine.h(47,14):
      'ExecutionEngine::tileMap' の宣言を確認してください
      C:\Users\kntky\source\repos\SuperRobotWarsLocal\SuperRobotWarsLocal\ExecutionEngine.h(23,7):
      'ExecutionEngine' の宣言を確認してください
  
  ExecutionEngine.cpp
  main.cpp
  MoveCommand.cpp
C:\Users\kntky\source\repos\SuperRobotWarsLocal\SuperRobotWarsLocal\MoveCommand.cpp(32,12): error C2039: 'waitKey': 'ExecutionEngine' のメンバーではありません
      C:\Users\kntky\source\repos\SuperRobotWarsLocal\SuperRobotWarsLocal\ExecutionEngine.h(23,7):
      'ExecutionEngine' の宣言を確認してください
  
C:\Users\kntky\source\repos\SuperRobotWarsLocal\SuperRobotWarsLocal\MoveCommand.cpp(38,12): error C2039: 'waitKey': 'ExecutionEngine' のメンバーではありません
      C:\Users\kntky\source\repos\SuperRobotWarsLocal\SuperRobotWarsLocal\ExecutionEngine.h(23,7):
      'ExecutionEngine' の宣言を確認してください
  
  PlayerMoveCommand.cpp
C:\Users\kntky\source\repos\SuperRobotWarsLocal\SuperRobotWarsLocal\PlayerMoveCommand.cpp(19,23): error C2248: 'ExecutionEngine::tileMap': private メンバー (クラス 'ExecutionEngine' で宣言されている) にアクセスできません。
      C:\Users\kntky\source\repos\SuperRobotWarsLocal\SuperRobotWarsLocal\ExecutionEngine.h(47,14):
      'ExecutionEngine::tileMap' の宣言を確認してください
      C:\Users\kntky\source\repos\SuperRobotWarsLocal\SuperRobotWarsLocal\ExecutionEngine.h(23,7):
      'ExecutionEngine' の宣言を確認してください
  
  ReachableArea.cpp
  ShowMessageCommand.cpp
C:\Users\kntky\source\repos\SuperRobotWarsLocal\SuperRobotWarsLocal\ShowMessageCommand.cpp(20,15): error C2248: 'ExecutionEngine::ui': private メンバー (クラス 'ExecutionEngine' で宣言されている) にアクセスできません。
      C:\Users\kntky\source\repos\SuperRobotWarsLocal\SuperRobotWarsLocal\ExecutionEngine.h(45,16):
      'ExecutionEngine::ui' の宣言を確認してください
      C:\Users\kntky\source\repos\SuperRobotWarsLocal\SuperRobotWarsLocal\ExecutionEngine.h(23,7):
      'ExecutionEngine' の宣言を確認してください
  
C:\Users\kntky\source\repos\SuperRobotWarsLocal\SuperRobotWarsLocal\ShowMessageCommand.cpp(21,15): error C2248: 'ExecutionEngine::ui': private メンバー (クラス 'ExecutionEngine' で宣言されている) にアクセスできません。
      C:\Users\kntky\source\repos\SuperRobotWarsLocal\SuperRobotWarsLocal\ExecutionEngine.h(45,16):
      'ExecutionEngine::ui' の宣言を確認してください
      C:\Users\kntky\source\repos\SuperRobotWarsLocal\SuperRobotWarsLocal\ExecutionEngine.h(23,7):
      'ExecutionEngine' の宣言を確認してください
  
C:\Users\kntky\source\repos\SuperRobotWarsLocal\SuperRobotWarsLocal\ShowMessageCommand.cpp(24,15): error C2248: 'ExecutionEngine::input': private メンバー (クラス 'ExecutionEngine' で宣言されている) にアクセスできません。
      C:\Users\kntky\source\repos\SuperRobotWarsLocal\SuperRobotWarsLocal\ExecutionEngine.h(46,19):
      'ExecutionEngine::input' の宣言を確認してください
      C:\Users\kntky\source\repos\SuperRobotWarsLocal\SuperRobotWarsLocal\ExecutionEngine.h(23,7):
      'ExecutionEngine' の宣言を確認してください
  
C:\Users\kntky\source\repos\SuperRobotWarsLocal\SuperRobotWarsLocal\ShowMessageCommand.cpp(25,15): error C2248: 'ExecutionEngine::input': private メンバー (クラス 'ExecutionEngine' で宣言されている) にアクセスできません。
      C:\Users\kntky\source\repos\SuperRobotWarsLocal\SuperRobotWarsLocal\ExecutionEngine.h(46,19):
      'ExecutionEngine::input' の宣言を確認してください
      C:\Users\kntky\source\repos\SuperRobotWarsLocal\SuperRobotWarsLocal\ExecutionEngine.h(23,7):
      'ExecutionEngine' の宣言を確認してください
  
  コードを生成中...
